// Vitest Snapshot v1

exports[`get synonym 1`] = `
{
  "collects": [
    "domestic dog",
    "frump",
    "heel",
    "cad",
    "bounder",
    "hound",
    "blackguard",
    "hotdog",
    "hot dog",
    "wiener",
    "wienerwurst",
    "frankfurter",
    "weenie",
    "frank",
    "pawl",
    "click",
    "detent",
    "firedog",
    "andiron",
    "chase",
    "trail",
    "go after",
    "tag",
    "tail",
    "chase after",
    "track",
    "give chase",
  ],
  "incollects": [
    "fang",
    "bitch",
    "wolf",
    "jackal",
    "wild dog",
    "hyena",
    "hyaena",
    "fox",
    "feeder",
    "stocker",
    "head",
    "house cat",
    "domestic cat",
    "stray",
    "bag",
    "old bag",
    "cow",
    "tartar",
    "dragon",
    "termagant",
    "shrew",
    "harpy",
    "hellcat",
    "vixen",
    "nudnick",
    "nudnik",
    "scorer",
    "escort",
    "date",
    "playfellow",
    "playmate",
    "tovarisch",
    "tovarich",
    "gallows bird",
    "knave",
    "varlet",
    "scallywag",
    "rapscallion",
    "scalawag",
    "rogue",
    "rascal",
    "villainess",
    "supervillain",
    "black pudding",
    "blood sausage",
    "blood pudding",
    "bologna",
    "chipolata",
    "chorizo",
    "headcheese",
    "knackwurst",
    "knockwurst",
    "liver sausage",
    "liver pudding",
    "liverwurst",
    "pepperoni",
    "pork sausage",
    "salami",
    "souse",
    "bench hook",
    "doorstop",
    "doorstopper",
    "trip",
    "tripper",
    "hasp",
    "hood latch",
    "hook",
    "latch",
    "fair catch",
    "interception",
    "reception",
    "rebound",
    "shoestring catch",
    "interlock",
    "mesh",
    "meshing",
    "interlocking",
    "harpoon",
    "fish",
    "nett",
    "net",
    "intercept",
    "retake",
    "recapture",
    "rope",
    "lasso",
    "snag",
    "run",
    "hunt",
    "hunt down",
    "track down",
    "frog",
    "batfowl",
    "rat",
    "trammel",
    "entrap",
    "snare",
    "trap",
    "ensnare",
    "get",
    "visualize",
    "visualise",
    "spectate",
    "preview",
    "binge",
    "rewatch",
    "catch cold",
    "hold",
    "work",
    "surcease",
    "cessation",
    "stand",
    "standstill",
    "standdown",
    "hemostasia",
    "hemostasis",
    "haemostasia",
    "haemostasis",
    "pit stop",
    "countercheck",
    "logjam",
    "bus stop",
    "checkpoint",
    "loading area",
    "loading zone",
    "way station",
    "stopover",
    "labial stop",
    "glottal plosive",
    "glottal catch",
    "glottal stop",
    "suction stop",
    "suspension point",
    "iris diaphragm",
    "iris",
    "breechblock",
    "breech closer",
    "stopple",
    "plug",
    "stopper",
    "vapor lock",
    "vapour lock",
    "go off",
    "pull up short",
    "check",
    "rein",
    "rein in",
    "conk",
    "stall",
    "pull up",
    "draw up",
    "haul up",
    "brake",
    "settle",
    "drop",
    "knock off",
    "leave off",
    "sign off",
    "withdraw",
    "retire",
    "pull the plug",
    "close off",
    "shut off",
    "cheese",
    "call it quits",
    "call it a day",
    "break",
    "unfollow",
    "embargo",
    "stay",
    "call",
    "lay over",
    "stop over",
    "arrest",
    "halt",
    "bring up",
    "cut",
    "flag down",
    "fracture",
    "bog down",
    "bog",
    "cut off",
    "break up",
    "interrupt",
    "disrupt",
    "cut out",
    "cut down",
    "pass away",
    "lapse",
    "go out",
    "recess",
    "adjourn",
    "vanish",
    "disappear",
    "culminate",
    "climax",
    "run out",
    "go",
    "run low",
    "run short",
    "go away",
    "close",
    "conclude",
    "turn out",
    "come out",
    "discontinue",
    "block off",
    "sustainment",
    "sustenance",
    "upkeep",
    "maintenance",
    "sustentation",
    "logistic assistance",
    "logistic support",
    "attachment",
    "adhesion",
    "adherence",
    "protagonism",
    "advocacy",
    "sponsorship",
    "indorsement",
    "endorsement",
    "approval",
    "blessing",
    "approving",
    "reassurance",
    "mainstay",
    "keystone",
    "linchpin",
    "backbone",
    "anchor",
    "lynchpin",
    "lifeline",
    "close support",
    "amenities",
    "comforts",
    "conveniences",
    "creature comforts",
    "meal ticket",
    "subsistence",
    "abutment",
    "architrave",
    "basement",
    "buttress",
    "buttressing",
    "base",
    "fundament",
    "foundation",
    "substructure",
    "understructure",
    "foot",
    "groundwork",
    "footstall",
    "plinth",
    "pedestal",
    "prop",
    "furket",
    "musket rest",
    "shoring",
    "propping up",
    "shoring up",
    "hanging",
    "suspension",
    "dangling",
    "discant",
    "descant",
    "vamp",
    "arch support",
    "backrest",
    "back",
    "backboard",
    "baluster",
    "bar",
    "bearing",
    "bearing wall",
    "bedpost",
    "bookend",
    "brace",
    "bracket",
    "wall bracket",
    "bridge",
    "footing",
    "foothold",
    "handrest",
    "hanger",
    "harness",
    "harp",
    "headstock",
    "leg",
    "perch",
    "pier",
    "pillow block",
    "rack",
    "rest",
    "rib",
    "rocker",
    "seat",
    "shelf",
    "radius",
    "spoke",
    "wheel spoke",
    "stair",
    "step",
    "stirrup iron",
    "stirrup",
    "gunstock",
    "stock",
    "structural member",
    "tailstock",
    "tee",
    "football tee",
    "undercarriage",
    "yoke",
    "sponsor",
    "frequent",
    "shop",
    "patronize",
    "patronise",
    "shop at",
    "buy at",
    "help",
    "aid",
    "assist",
    "boost",
    "advance",
    "promote",
    "further",
    "encourage",
    "root",
    "undergird",
    "indorse",
    "endorse",
    "second",
    "fund",
    "subsidize",
    "subsidise",
    "provide",
    "bring home the bacon",
    "see through",
    "warrant",
    "guarantee",
    "champion",
    "defend",
    "scaffold",
    "block",
    "carry",
    "chock",
    "buoy",
    "buoy up",
    "pole",
    "underpin",
    "prop up",
    "shore",
    "shore up",
    "truss",
    "back up",
    "vouch",
    "verify",
    "establish",
    "prove",
    "show",
    "demonstrate",
    "shew",
    "document",
    "validate",
    "rationalize",
    "rationalise",
    "apologize",
    "apologise",
    "excuse",
    "take someone's side",
    "take sides with",
    "stand up",
    "stick up",
    "uphold",
    "swallow",
    "accept",
    "live with",
    "stand for",
    "hold still for",
    "bear up",
    "take lying down",
    "take a joke",
    "sit out",
    "pay",
    "practice",
    "commit",
    "politick",
    "stalk",
    "haunt",
    "check out",
    "run down",
    "lag",
    "fall behind",
    "fall back",
    "dawdle",
    "tailgate",
    "shadow",
    "ascend",
    "accommodate",
    "oblige",
    "toe the line",
    "conform to",
    "go by",
    "adhere",
    "stick",
    "keep tabs on",
    "guard",
    "proctor",
    "invigilate",
    "enter",
    "accede",
    "replace",
    "supplant",
    "supervene upon",
    "supersede",
    "vet",
    "cox",
    "follback",
  ],
  "word": "dog",
}
`;

exports[`get synonym 2`] = `
{
  "collects": [
    "true cat",
    "guy",
    "sod",
    "hombre",
    "bozo",
    "qat",
    "khat",
    "quat",
    "kat",
    "big cat",
    "cast",
    "chuck",
    "disgorge",
    "regurgitate",
    "purge",
    "honk",
    "barf",
    "regorge",
    "spew",
    "sick",
    "vomit",
    "puke",
    "be sick",
    "upchuck",
    "retch",
    "spue",
    "vomit up",
    "throw up",
  ],
  "incollects": [
    "white man",
    "babu",
    "baboo",
    "bachelor",
    "unmarried man",
    "bey",
    "boy",
    "fellow",
    "beau",
    "boyfriend",
    "swain",
    "bull",
    "strapper",
    "bruiser",
    "clotheshorse",
    "fashion plate",
    "dandy",
    "swell",
    "fop",
    "dude",
    "sheik",
    "gallant",
    "ejaculator",
    "castrate",
    "eunuch",
    "father surrogate",
    "father figure",
    "buster",
    "galoot",
    "geezer",
    "gentleman",
    "divorced man",
    "grass widower",
    "housefather",
    "hunk",
    "ex",
    "inamorato",
    "iron man",
    "ironman",
    "ironside",
    "adonis",
    "old man",
    "old boy",
    "greybeard",
    "graybeard",
    "paterfamilias",
    "patriarch",
    "ponce",
    "posseman",
    "shaver",
    "signior",
    "signor",
    "signore",
    "sir",
    "stiff",
    "stud",
    "widower",
    "widowman",
    "philanderer",
    "womanizer",
    "womaniser",
    "wonder boy",
    "golden boy",
    "young buck",
    "young man",
    "brony",
    "oppa",
    "air force officer",
    "commander",
    "gunner",
    "artilleryman",
    "cannoneer",
    "machine gunner",
    "sailor",
    "bluejacket",
    "navy man",
    "sailor boy",
    "commando",
    "ranger",
    "inductee",
    "draftee",
    "conscript",
    "enlisted person",
    "shipboard soldier",
    "devil dog",
    "leatherneck",
    "officer",
    "military officer",
    "noncombatant",
    "occupier",
    "striper",
    "vet",
    "veteran",
    "veteran soldier",
    "military volunteer",
    "voluntary",
    "volunteer",
    "humanity",
    "world",
    "mankind",
    "humankind",
    "humans",
    "human beings",
    "human race",
    "hooman",
    "black",
    "checker",
    "chequer",
    "chess piece",
    "chessman",
    "tile",
    "white",
    "crew",
    "scandalmonger",
    "telltale",
    "taleteller",
    "tattletale",
    "blabbermouth",
    "talebearer",
    "tattler",
    "yenta",
    "earful",
    "rumour",
    "rumor",
    "hearsay",
    "pipeline",
    "word of mouth",
    "grapevine",
    "malicious gossip",
    "dirt",
    "scandal",
    "talk",
    "talk of the town",
    "bruit",
    "schmoose",
    "schmooze",
    "shmooze",
    "shmoose",
    "jawbone",
    "white woman",
    "virago",
    "amazon",
    "maenad",
    "bachelor girl",
    "bachelorette",
    "baggage",
    "bar girl",
    "bas bleu",
    "bluestocking",
    "maid of honor",
    "bridesmaid",
    "broad",
    "vamp",
    "tease",
    "flirt",
    "coquette",
    "vamper",
    "prickteaser",
    "minx",
    "dame",
    "gentlewoman",
    "ma'am",
    "lady",
    "madam",
    "deb",
    "debutante",
    "grass widow",
    "divorcee",
    "dominatrix",
    "donna",
    "siren",
    "temptress",
    "femme fatale",
    "enchantress",
    "eyeful",
    "geisha girl",
    "geisha",
    "miss",
    "fille",
    "young woman",
    "girl",
    "missy",
    "young lady",
    "girlfriend",
    "lady friend",
    "gold digger",
    "gravida",
    "heroine",
    "inamorata",
    "jezebel",
    "jilt",
    "matriarch",
    "materfamilias",
    "matron",
    "mestiza",
    "kept woman",
    "mistress",
    "fancy woman",
    "mother figure",
    "nurse",
    "nanny",
    "nursemaid",
    "nullipara",
    "nymph",
    "houri",
    "nymphet",
    "old woman",
    "cocotte",
    "lady of pleasure",
    "tart",
    "prostitute",
    "woman of the street",
    "whore",
    "bawd",
    "sporting lady",
    "harlot",
    "cyprian",
    "working girl",
    "shiksa",
    "shikse",
    "dish",
    "mantrap",
    "peach",
    "beauty",
    "smasher",
    "knockout",
    "lulu",
    "sweetheart",
    "ravisher",
    "looker",
    "stunner",
    "sylph",
    "unmarried woman",
    "vestal",
    "widow woman",
    "widow",
    "wife",
    "married woman",
    "wonder woman",
    "baby mama",
    "unnie",
    "pep pill",
    "upper",
    "speed",
    "amphetamine",
    "analeptic",
    "aphrodisiac",
    "butyl nitrite",
    "isobutyl nitrite",
    "methylphenidate",
    "popper",
    "induction",
    "elicitation",
    "evocation",
    "kick",
    "turnoff",
    "negative stimulation",
    "conditioned stimulus",
    "reinforcement",
    "reinforcer",
    "reinforcing stimulus",
    "cue",
    "discriminative stimulus",
    "positive stimulus",
    "negative stimulus",
    "cowhide",
    "horsewhip",
    "knout",
    "quirt",
    "hunting crop",
    "riding crop",
    "flagellum",
    "scourge",
    "hunting whip",
    "prune whip",
    "flagellate",
    "leather",
    "switch",
    "birch",
    "urticate",
    "half track",
    "snowmobile",
    "army tank",
    "armored combat vehicle",
    "armoured combat vehicle",
    "tank",
    "stroke delimber",
    "delimber",
    "outpoint",
    "outscore",
    "walk over",
    "rack up",
    "mop up",
    "pip",
    "worst",
    "whomp",
    "get the best",
    "overcome",
    "have the best",
    "rout",
    "spreadeagle",
    "get the jump",
    "screw",
    "cheat",
    "shaft",
    "chouse",
    "jockey",
    "chicane",
    "surmount",
    "surpass",
    "exceed",
    "outstrip",
    "outdo",
    "outperform",
    "outgo",
    "outmatch",
    "get over",
    "master",
    "subdue",
    "scoop",
    "outflank",
    "best",
    "trump",
    "outfight",
    "overwhelm",
    "overmaster",
    "overpower",
    "mate",
    "checkmate",
    "immobilize",
    "immobilise",
    "outplay",
    "bat",
    "thrash",
    "lick",
    "clobber",
    "drub",
    "cream",
    "correct",
    "chasten",
    "castigate",
    "objurgate",
    "chastise",
    "tell off",
    "brush down",
    "shaving soap",
    "shaving cream",
    "bootstrap",
    "cheekpiece",
    "chin strap",
    "crupper",
    "latchet",
    "noseband",
    "nosepiece",
    "rein",
    "strop",
    "tawse",
    "hopple",
    "hobble",
    "falsie",
    "frap",
    "aerial",
    "forward pass",
    "lateral pass",
    "lateral",
    "spot pass",
    "gap",
    "col",
    "defile",
    "gorge",
    "saddle",
    "saddleback",
    "safeguard",
    "boarding card",
    "boarding pass",
    "hall pass",
    "dire straits",
    "desperate straits",
    "snap",
    "centering",
    "crack",
    "break through",
    "squeak through",
    "squeak by",
    "transit",
    "pass over",
    "cut across",
    "cross",
    "cover",
    "traverse",
    "get across",
    "cut through",
    "track",
    "infiltrate",
    "pass through",
    "run",
    "move through",
    "pass across",
    "cut",
    "crash",
    "muscle",
    "transgress",
    "overstep",
    "trespass",
    "negociate",
    "negotiate",
    "lock",
    "make",
    "work",
    "cycle",
    "fumble",
    "blunder",
    "skirt",
    "run by",
    "fly by",
    "zip by",
    "whisk by",
    "fell",
    "fly",
    "vanish",
    "give",
    "sneak",
    "slip",
    "deal",
    "deliver",
    "render",
    "turn in",
    "fork up",
    "hand over",
    "fork out",
    "fork over",
    "release",
    "relinquish",
    "free",
    "give up",
    "resign",
    "trust",
    "commit",
    "entrust",
    "intrust",
    "confide",
    "leave",
    "come",
    "radiate",
    "ray",
    "go deep",
    "go far",
    "underrun",
    "get by",
    "top",
    "clear",
    "develop",
    "break",
    "recrudesce",
    "come up",
    "arise",
    "result",
    "intervene",
    "transpire",
    "supervene",
    "go",
    "proceed",
    "fall",
    "anticipate",
    "repeat",
    "recur",
    "go off",
    "come off",
    "go over",
    "come around",
    "roll around",
    "happen",
    "materialise",
    "materialize",
    "bechance",
    "befall",
    "betide",
    "coincide",
    "concur",
    "recoil",
    "backfire",
    "backlash",
    "chance",
    "shine",
    "strike",
    "turn out",
    "synchronize",
    "contemporize",
    "synchronise",
    "contemporise",
    "soldier",
    "slum",
    "weekend",
    "holiday",
    "vacation",
    "serve",
    "do",
    "while away",
    "get through",
    "sojourn",
    "winter",
    "overwinter",
    "summer",
    "rub",
    "thread",
    "plant",
    "implant",
    "send a message",
    "relay",
    "put over",
    "call for",
    "quest",
    "ask for",
    "request",
    "bespeak",
    "telecommunicate",
    "acknowledge",
    "receipt",
    "carry",
    "return",
    "message",
    "skype",
    "nail",
    "ace",
    "sweep through",
    "pass with flying colors",
    "breeze through",
    "sail through",
    "light",
    "pass off",
    "lead",
    "approbate",
    "certificate",
    "approve",
    "sanction",
    "okay",
    "declare",
    "license",
    "certify",
    "licence",
    "commission",
    "validate",
    "formalize",
    "formalise",
    "abort",
    "stifle",
    "asphyxiate",
    "suffocate",
    "buy it",
    "pip out",
    "drown",
    "predecease",
    "famish",
    "starve",
    "yield",
    "succumb",
    "perspire",
    "sudate",
    "sweat",
    "ooze",
    "exudate",
    "ooze out",
    "exude",
    "transude",
    "puddle",
    "piddle",
    "relieve oneself",
    "piss",
    "urinate",
    "wee",
    "take a leak",
    "spend a penny",
    "pee",
    "micturate",
    "make water",
    "pass water",
    "empty",
    "evacuate",
    "void",
    "stool",
    "shit",
    "defecate",
    "crap",
    "take a shit",
    "take a crap",
    "cancel out",
    "wipe out",
    "decouple",
    "obliterate",
    "knock out",
    "cut out",
    "prune",
    "rationalize",
    "rationalise",
    "extinguish",
    "snuff out",
    "take out",
    "exclude",
    "leave off",
    "leave out",
    "omit",
    "except",
    "preclude",
    "rule out",
    "close out",
  ],
  "word": "cat",
}
`;
